// Jest Snapshot v1, https://goo.gl/fbAQLP

exports[`ListaMensajes.vue Tiene la estructura HTML esperada 1`] = `
<div>
  <header
    class="list-header"
  >
    
      Este es el header por defecto...
    
  </header>
   
  <ul
    class="lista-mensajes"
  >
    <div
      class="mensaje-falso"
    />
  </ul>
</div>
`;
